# Harvx Context: test-project

| Field | Value |
|-------|-------|
| Generated | 2026-01-15T10:30:00Z |
| Content Hash | abc123def456 |
| Profile | default |
| Tokenizer | cl100k_base |
| Total Tokens | 2,500 |
| Total Files | 3 |

## File Summary

**Total Files:** 3 | **Total Tokens:** 2,500

### Files by Tier

| Tier | Label | Count |
|------|-------|-------|
| 0 | critical | 1 |
| 1 | primary | 1 |
| 2 | secondary | 1 |

### Top Files by Token Count

| File | Tokens | Size |
|------|--------|------|
| src/main.go | 1,200 | 2.0 KB |
| src/util.go | 800 | 1.0 KB |
| README.md | 500 | 512 B |

## Directory Tree

```
src/
  main.go
  util.go
README.md
```

## Files

### `src/main.go`

> **Size:** 2.0 KB | **Tokens:** 1,200 | **Tier:** critical | **Compressed:** no

```go
1 | package main
2 | 
3 | import "fmt"
4 | 
5 | func main() {
6 | 	fmt.Println("hello")
7 | }
```

### `src/util.go`

> **Size:** 1.0 KB | **Tokens:** 800 | **Tier:** primary | **Compressed:** no

```go
1 | package main
2 | 
3 | func add(a, b int) int {
4 | 	return a + b
5 | }
```

### `README.md`

> **Size:** 512 B | **Tokens:** 500 | **Tier:** secondary | **Compressed:** no

```markdown
1 | # Test Project
2 | 
3 | This is a test project.
```