# Harvx Context: sample-project

| Field | Value |
|-------|-------|
| Generated | 2025-01-15T10:30:00Z |
| Content Hash | e4df3bc3c71caf67 |
| Profile | default |
| Tokenizer | cl100k_base |
| Total Tokens | 127 |
| Total Files | 5 |

## File Summary

**Total Files:** 5 | **Total Tokens:** 127

### Files by Tier

| Tier | Label | Count |
|------|-------|-------|
| 0 | critical | 1 |
| 1 | primary | 2 |
| 3 | tests | 1 |
| 4 | docs | 1 |

### Top Files by Token Count

| File | Tokens | Size |
|------|--------|------|
| internal/handler_test.go | 40 | 131 B |
| internal/handler.go | 35 | 138 B |
| cmd/main.go | 25 | 68 B |
| go.mod | 15 | 39 B |
| README.md | 12 | 60 B |

## Directory Tree

```
📁 .
├── 📁 cmd
│   └── 📄 main.go
├── 📁 internal
│   ├── 📄 handler.go
│   └── 📄 handler_test.go
├── 📄 go.mod
└── 📄 README.md
```

## Files

### `go.mod`

> **Size:** 39 B | **Tokens:** 15 | **Tier:** critical | **Compressed:** no

```
module example.com/sample

go 1.24.0

```

### `README.md`

> **Size:** 60 B | **Tokens:** 12 | **Tier:** docs | **Compressed:** no

```markdown
# Sample Project

A sample project for testing output rendering.

```

### `cmd/main.go`

> **Size:** 68 B | **Tokens:** 25 | **Tier:** primary | **Compressed:** no

```go
package main

import "fmt"

func main() {
	fmt.Println("hello world")
}

```

### `internal/handler.go`

> **Size:** 138 B | **Tokens:** 35 | **Tier:** primary | **Compressed:** no

```go
package internal

// Handler processes requests.
type Handler struct {
	Name string
}

// Handle processes a single request.
func (h *Handler) Handle() error {
	return nil
}

```

### `internal/handler_test.go`

> **Size:** 131 B | **Tokens:** 40 | **Tier:** tests | **Compressed:** no

```go
package internal

import "testing"

func TestHandler_Handle(t *testing.T) {
	h := &Handler{Name: "test"}
	if err := h.Handle(); err != nil {
		t.Fatal(err)
	}
}

```