/// A configuration for the application.
#[derive(Debug, Clone)]
pub struct Config {
    pub host: String,
    pub port: u16,
    timeout: Duration,
}

/// A simple marker struct with no fields.
pub struct Marker;

/// A newtype wrapper around String.
pub struct Name(pub String);

impl Config {
    /// Create a new Config with defaults.
    pub fn new() -> Self
    /// Set the host.
    pub fn with_host(mut self, host: &str) -> Self
    /// Get the address string.
    pub fn addr(&self) -> String
    fn validate(&self) -> Result<(), String>
}

impl Display for Config {
    fn fmt(&self, f: &mut Formatter) -> fmt::Result
}