use std::collections::HashMap;

use std::io::{self, Read, Write};

use std::sync::{Arc, Mutex, RwLock};

use std::path::PathBuf;

use std::prelude::v1::*;

use std::collections::HashMap as Map;

pub use crate::config::Config;

pub use crate::error::{Error, Result};

pub(crate) use crate::internal::Helper;

pub(super) use super::parent::Module;

use tokio::io::AsyncReadExt;

pub mod config;

mod internal;

fn main()