{
  "expected_redactions": [
    {"line": 4, "rule_id": "aws-access-key-id", "secret_type": "aws_access_key_id", "confidence": "high"},
    {"line": 5, "rule_id": "aws-secret-access-key", "secret_type": "aws_secret_access_key", "confidence": "high"},
    {"line": 9, "rule_id": "aws-access-key-id", "secret_type": "aws_access_key_id", "confidence": "high"},
    {"line": 10, "rule_id": "aws-secret-access-key", "secret_type": "aws_secret_access_key", "confidence": "high"},
    {"line": 15, "rule_id": "aws-access-key-id", "secret_type": "aws_access_key_id", "confidence": "high"},
    {"line": 16, "rule_id": "aws-secret-access-key", "secret_type": "aws_secret_access_key", "confidence": "high"}
  ]
}
