{
  "expected_redactions": [
    {"line": 6, "rule_id": "aws-access-key-id", "secret_type": "aws_access_key_id", "confidence": "high"},
    {"line": 7, "rule_id": "aws-secret-access-key", "secret_type": "aws_secret_access_key", "confidence": "high"},
    {"line": 10, "rule_id": "github-classic-token", "secret_type": "github_token", "confidence": "high"},
    {"line": 13, "rule_id": "connection-string", "secret_type": "connection_string", "confidence": "medium"},
    {"line": 16, "rule_id": "stripe-live-key", "secret_type": "stripe_api_key", "confidence": "high"},
    {"line": 19, "rule_id": "openai-api-key", "secret_type": "openai_api_key", "confidence": "medium"},
    {"line": 22, "rule_id": "slack-token", "secret_type": "slack_token", "confidence": "medium"},
    {"line": 25, "rule_id": "sendgrid-api-key", "secret_type": "sendgrid_api_key", "confidence": "medium"},
    {"line": 28, "rule_id": "secret-token-assignment", "secret_type": "generic_secret", "confidence": "low"},
    {"line": 31, "rule_id": "hex-encoded-secret", "secret_type": "hex_secret", "confidence": "low"}
  ]
}
