{
  "expected_redactions": [
    {"line": 7, "rule_id": "aws-access-key-id", "secret_type": "aws_access_key_id", "confidence": "high"},
    {"line": 8, "rule_id": "aws-secret-access-key", "secret_type": "aws_secret_access_key", "confidence": "high"},
    {"line": 9, "rule_id": "connection-string", "secret_type": "connection_string", "confidence": "medium"},
    {"line": 10, "rule_id": "github-classic-token", "secret_type": "github_token", "confidence": "high"},
    {"line": 15, "rule_id": "password-assignment", "secret_type": "password", "confidence": "low"}
  ]
}
