{
  "expected_redactions": [
    {"line": 3, "rule_id": "password-assignment", "secret_type": "password", "confidence": "low"},
    {"line": 4, "rule_id": "secret-token-assignment", "secret_type": "generic_secret", "confidence": "low"},
    {"line": 8, "rule_id": "generic-api-key", "secret_type": "generic_api_key", "confidence": "medium"},
    {"line": 11, "rule_id": "password-assignment", "secret_type": "password", "confidence": "low"},
    {"line": 12, "rule_id": "secret-token-assignment", "secret_type": "generic_secret", "confidence": "low"},
    {"line": 15, "rule_id": "slack-token", "secret_type": "slack_token", "confidence": "medium"},
    {"line": 18, "rule_id": "twilio-auth-token", "secret_type": "twilio_auth_token", "confidence": "medium"},
    {"line": 21, "rule_id": "sendgrid-api-key", "secret_type": "sendgrid_api_key", "confidence": "medium"},
    {"line": 24, "rule_id": "hex-encoded-secret", "secret_type": "hex_secret", "confidence": "low"}
  ]
}
