{
  "expected_redactions": [
    {"line": 3, "rule_id": "github-classic-token", "secret_type": "github_token", "confidence": "high"},
    {"line": 4, "rule_id": "github-classic-token", "secret_type": "github_token", "confidence": "high"},
    {"line": 6, "rule_id": "github-classic-token", "secret_type": "github_token", "confidence": "high"},
    {"line": 7, "rule_id": "github-classic-token", "secret_type": "github_token", "confidence": "high"},
    {"line": 9, "rule_id": "github-fine-grained-pat", "secret_type": "github_token", "confidence": "high"}
  ]
}
