{
  "expected_redactions": [
    {"line": 3, "rule_id": "jwt-token", "secret_type": "jwt_token", "confidence": "medium"},
    {"line": 5, "rule_id": "jwt-token", "secret_type": "jwt_token", "confidence": "medium"},
    {"line": 7, "rule_id": "jwt-token", "secret_type": "jwt_token", "confidence": "medium"},
    {"line": 9, "rule_id": "bearer-token", "secret_type": "bearer_token", "confidence": "low"}
  ]
}
