{
  "expected_redactions": [
    {"line": 12, "rule_id": "aws-access-key-id", "secret_type": "aws_access_key_id", "confidence": "high"},
    {"line": 13, "rule_id": "aws-secret-access-key", "secret_type": "aws_secret_access_key", "confidence": "high"},
    {"line": 14, "rule_id": "github-classic-token", "secret_type": "github_token", "confidence": "high"},
    {"line": 15, "rule_id": "stripe-live-key", "secret_type": "stripe_api_key", "confidence": "high"},
    {"line": 21, "rule_id": "jwt-token", "secret_type": "jwt_token", "confidence": "medium"}
  ]
}
