{
  "expected_redactions": [
    {"line": 5, "rule_id": "aws-access-key-id", "secret_type": "aws_access_key_id", "confidence": "high"},
    {"line": 9, "rule_id": "github-classic-token", "secret_type": "github_token", "confidence": "high"},
    {"line": 12, "rule_id": "connection-string", "secret_type": "connection_string", "confidence": "medium"},
    {"line": 15, "rule_id": "stripe-live-key", "secret_type": "stripe_api_key", "confidence": "high"},
    {"line": 18, "rule_id": "openai-api-key", "secret_type": "openai_api_key", "confidence": "medium"},
    {"line": 21, "rule_id": "secret-token-assignment", "secret_type": "generic_secret", "confidence": "low"},
    {"line": 24, "rule_id": "hex-encoded-secret", "secret_type": "hex_secret", "confidence": "low"}
  ]
}
