{
  "expected_redactions": [
    {"line": 17, "rule_id": "aws-access-key-id", "secret_type": "aws_access_key_id", "confidence": "high"},
    {"line": 26, "rule_id": "aws-access-key-id", "secret_type": "aws_access_key_id", "confidence": "high"},
    {"line": 31, "rule_id": "connection-string", "secret_type": "connection_string", "confidence": "medium"},
    {"line": 42, "rule_id": "stripe-live-key", "secret_type": "stripe_api_key", "confidence": "high"}
  ]
}
