{
  "expected_redactions": [
    {"line": 3, "rule_id": "openai-api-key", "secret_type": "openai_api_key", "confidence": "medium"},
    {"line": 8, "rule_id": "openai-api-key", "secret_type": "openai_api_key", "confidence": "medium"},
    {"line": 12, "rule_id": "openai-api-key", "secret_type": "openai_api_key", "confidence": "medium"}
  ]
}
