{
  "expected_redactions": [
    {"line": 2, "rule_id": "private-key-block", "secret_type": "private_key_block", "confidence": "high"},
    {"line": 8, "rule_id": "private-key-block", "secret_type": "private_key_block", "confidence": "high"},
    {"line": 13, "rule_id": "private-key-block", "secret_type": "private_key_block", "confidence": "high"},
    {"line": 18, "rule_id": "private-key-block", "secret_type": "private_key_block", "confidence": "high"}
  ]
}
